#
# A fatal error has been detected by the Java Runtime Environment:
#
#  EXCEPTION_ACCESS_VIOLATION (0xc0000005) at pc=0x00007ffa489aa149, pid=7884, tid=13968
#
# JRE version: OpenJDK Runtime Environment (17.0.10) (build 17.0.10+0--11609105)
# Java VM: OpenJDK 64-Bit Server VM (17.0.10+0--11609105, mixed mode, tiered, compressed oops, compressed class ptrs, g1 gc, windows-amd64)
# Problematic frame:
# V  [jvm.dll+0x36a149]
#
# No core dump will be written. Minidumps are not enabled by default on client versions of Windows
#
# If you would like to submit a bug report, please visit:
#   https://bugreport.java.com/bugreport/crash.jsp
#

---------------  S U M M A R Y ------------

Command Line: --add-opens=java.base/java.util=ALL-UNNAMED --add-opens=java.base/java.lang=ALL-UNNAMED --add-opens=java.base/java.lang.invoke=ALL-UNNAMED --add-opens=java.prefs/java.util.prefs=ALL-UNNAMED --add-opens=java.base/java.nio.charset=ALL-UNNAMED --add-opens=java.base/java.net=ALL-UNNAMED --add-opens=java.base/java.util.concurrent.atomic=ALL-UNNAMED -Xmx2048m -Dfile.encoding=UTF-8 -Duser.country=RU -Duser.language=ru -Duser.variant -javaagent:E:\Android\gradle\wrapper\dists\gradle-8.7-bin\bhs2wmbdwecv87pi65oeuq5iu\gradle-8.7\lib\agents\gradle-instrumentation-agent-8.7.jar org.gradle.launcher.daemon.bootstrap.GradleDaemon 8.7

Host: Intel(R) Core(TM) i5-10400F CPU @ 2.90GHz, 12 cores, 15G,  Windows 10 , 64 bit Build 19041 (10.0.19041.4717)
Time: Thu Aug 22 10:47:33 2024  Windows 10 , 64 bit Build 19041 (10.0.19041.4717) elapsed time: 4.756802 seconds (0d 0h 0m 4s)

---------------  T H R E A D  ---------------

Current thread (0x000002a6de361240):  JavaThread "C2 CompilerThread1" daemon [_thread_in_native, id=13968, stack(0x000000c128700000,0x000000c128800000)]


Current CompileTask:
C2:   4756 5769       4       java.lang.invoke.MethodType::makeImpl (109 bytes)

Stack: [0x000000c128700000,0x000000c128800000],  sp=0x000000c1287fbc90,  free space=1007k
Native frames: (J=compiled Java code, j=interpreted, Vv=VM code, C=native code)
V  [jvm.dll+0x36a149]
V  [jvm.dll+0x1bde53]
V  [jvm.dll+0x21dbf9]
V  [jvm.dll+0x21cec1]
V  [jvm.dll+0x1a60ad]
V  [jvm.dll+0x22cd78]
V  [jvm.dll+0x22aeb0]
V  [jvm.dll+0x7f6877]
V  [jvm.dll+0x7f0c7a]
V  [jvm.dll+0x687c65]
C  [ucrtbase.dll+0x21bb2]
C  [KERNEL32.DLL+0x17374]
C  [ntdll.dll+0x4cc91]


siginfo: EXCEPTION_ACCESS_VIOLATION (0xc0000005), reading address 0x00000000000000a7


Registers:
RAX=0xffffffffffffffff, RBX=0x000002a6e22e2bd0, RCX=0x0000000000000015, RDX=0x0000000000010514
RSP=0x000000c1287fbc90, RBP=0x000000c1287fbdc0, RSI=0x000000000000153c, RDI=0x000000000000153c
R8 =0x0000000000003000, R9 =0x0000000000000001, R10=0x0000000000000003, R11=0x000002a6e34d7ce0
R12=0x0000000000000000, R13=0x000002a6e0824028, R14=0x000000000000003c, R15=0x00007ffa491d4198
RIP=0x00007ffa489aa149, EFLAGS=0x0000000000010202


Register to memory mapping:

RIP=0x00007ffa489aa149 jvm.dll
RAX=0xffffffffffffffff is an unknown value
RBX=0x000002a6e22e2bd0 points into unknown readable memory: 0xffffffffffffffff | ff ff ff ff ff ff ff ff
RCX=0x0000000000000015 is an unknown value
RDX=0x0000000000010514 is an unknown value
RSP=0x000000c1287fbc90 is pointing into the stack for thread: 0x000002a6de361240
RBP=0x000000c1287fbdc0 is pointing into the stack for thread: 0x000002a6de361240
RSI=0x000000000000153c is an unknown value
RDI=0x000000000000153c is an unknown value
R8 =0x0000000000003000 is an unknown value
R9 =0x0000000000000001 is an unknown value
R10=0x0000000000000003 is an unknown value
R11=0x000002a6e34d7ce0 points into unknown readable memory: 0x0051500000000000 | 00 00 00 00 00 50 51 00
R12=0x0 is NULL
R13=0x000002a6e0824028 points into unknown readable memory: 0x8800040074489450 | 50 94 48 74 00 04 00 88
R14=0x000000000000003c is an unknown value
R15=0x00007ffa491d4198 jvm.dll


Top of Stack: (sp=0x000000c1287fbc90)
0x000000c1287fbc90:   000000000000153c 000000000000153c
0x000000c1287fbca0:   000002a6de35c000 0000000000000000
0x000000c1287fbcb0:   0000000000010514 000000010000302c
0x000000c1287fbcc0:   4000000000000031 000002a6e34d7e20
0x000000c1287fbcd0:   000002a6df49bc20 000002a6e21d55d0
0x000000c1287fbce0:   000002a6e0823c50 0000000000000000
0x000000c1287fbcf0:   000000c1287fbe00 00007ffa487fde53
0x000000c1287fbd00:   000000c1287fc150 000000c1287fc230
0x000000c1287fbd10:   00000000000003d8 000002a6e0823c40
0x000000c1287fbd20:   000000c100000000 000000000000000d
0x000000c1287fbd30:   0000000000000006 000002a6e0823c40
0x000000c1287fbd40:   000002a6e15e04c0 000002a6e15e24b0
0x000000c1287fbd50:   000002a6e15e84a8 0000000000649950
0x000000c1287fbd60:   0000000000000000 0000000000000000
0x000000c1287fbd70:   0000000000000000 0000000000000000
0x000000c1287fbd80:   0000000000000000 00007ffa48f7f058
0x000000c1287fbd90:   0000000000000000 000000c1287feaa0
0x000000c1287fbda0:   0000000000000000 00007ffa48f7f058
0x000000c1287fbdb0:   000002a600000000 0000000000000184
0x000000c1287fbdc0:   000002a60000000c 000000c1287feaa0
0x000000c1287fbdd0:   000002a6e2101050 0000000048977d00
0x000000c1287fbde0:   000002a6e2211050 0000000000001a1d
0x000000c1287fbdf0:   000000c1287fbd30 000002a6e0823c50
0x000000c1287fbe00:   00007ffa48f7f028 000000000000000d
0x000000c1287fbe10:   000000c1287feaa0 000000c1287fc150
0x000000c1287fbe20:   0000000000003066 000002a6de35c0c0
0x000000c1287fbe30:   00007ffa0000000a 000000c1287feaa0
0x000000c1287fbe40:   000002a6e372bd90 0000000000000000
0x000000c1287fbe50:   000002a6e2bf9f80 000002a6de5fe050
0x000000c1287fbe60:   000002a6de602068 000002a6e1ad5218
0x000000c1287fbe70:   000000c1287fc0b0 000000c1287fc250
0x000000c1287fbe80:   0000000000001a1d 000000c1287fbd30 

Instructions: (pc=0x00007ffa489aa149)
0x00007ffa489aa049:   cc cc cc cc cc cc cc 48 8b c4 55 57 41 54 48 83
0x00007ffa489aa059:   ec 50 45 33 e4 48 8b e9 41 8b fc 44 39 61 28 0f
0x00007ffa489aa069:   86 62 01 00 00 48 89 58 08 48 89 70 10 4c 89 70
0x00007ffa489aa079:   18 4c 89 78 20 4c 8d 3d 13 a1 82 00 66 66 66 0f
0x00007ffa489aa089:   1f 84 00 00 00 00 00 8b f7 4c 8d 04 b6 49 c1 e0
0x00007ffa489aa099:   05 4c 03 45 10 45 39 20 0f 84 f7 00 00 00 44 89
0x00007ffa489aa0a9:   64 24 28 49 8b d4 48 89 54 24 20 44 8b f6 48 c7
0x00007ffa489aa0b9:   44 24 2c 04 00 00 00 41 83 e6 3f 41 8b 40 04 89
0x00007ffa489aa0c9:   44 24 34 4c 89 64 24 38 49 8b 40 08 48 89 44 24
0x00007ffa489aa0d9:   40 4c 89 44 24 48 90 48 85 d2 74 1d 48 0f bc c2
0x00007ffa489aa0e9:   8b c8 48 d3 ea 8b 4c 24 28 48 ff ca 03 c8 48 89
0x00007ffa489aa0f9:   54 24 20 89 4c 24 28 eb 26 83 7c 24 2c 04 72 0e
0x00007ffa489aa109:   8b 44 24 34 39 44 24 30 0f 83 87 00 00 00 48 8d
0x00007ffa489aa119:   4c 24 20 e8 ff 6b 00 00 48 8b 54 24 20 8b c8 85
0x00007ffa489aa129:   c9 74 72 8b c1 48 8d 1c 80 48 c1 e3 05 48 03 5d
0x00007ffa489aa139:   10 85 ff 74 a2 48 8b 43 08 48 8b ce 48 c1 e9 08
0x00007ffa489aa149:   4c 8b 0c c8 4d 3b cf 75 0d 8b d7 48 8b cb e8 84
0x00007ffa489aa159:   6d 00 00 4c 8b c8 49 8b ce 41 b8 01 00 00 00 49
0x00007ffa489aa169:   d3 e0 48 8b ce 48 c1 e9 06 83 e1 03 49 8b 14 c9
0x00007ffa489aa179:   48 8b c2 49 0b c0 49 89 04 c9 49 85 d0 74 0a 48
0x00007ffa489aa189:   8b 54 24 20 e9 4e ff ff ff ff 03 48 8b 54 24 20
0x00007ffa489aa199:   e9 42 ff ff ff ff c7 3b 7d 28 0f 82 e7 fe ff ff
0x00007ffa489aa1a9:   4c 8b bc 24 88 00 00 00 4c 8b b4 24 80 00 00 00
0x00007ffa489aa1b9:   48 8b 74 24 78 48 8b 5c 24 70 c6 45 18 01 48 83
0x00007ffa489aa1c9:   c4 50 41 5c 5f 5d c3 c6 41 18 01 48 83 c4 50 41
0x00007ffa489aa1d9:   5c 5f 5d c3 cc cc cc 4c 8b dc 49 89 6b 20 56 57
0x00007ffa489aa1e9:   41 56 48 83 ec 50 41 8b c0 48 8b e9 8b f2 4c 8d
0x00007ffa489aa1f9:   14 80 49 c1 e2 05 48 8d 3c b6 4c 03 51 10 48 c1
0x00007ffa489aa209:   e7 05 48 03 79 10 41 83 3a 00 0f 84 79 01 00 00
0x00007ffa489aa219:   33 d2 4d 89 63 10 49 89 53 b8 4c 8d 25 6e 9f 82
0x00007ffa489aa229:   00 89 54 24 28 44 8b c2 49 c7 43 c4 04 00 00 00
0x00007ffa489aa239:   41 8b 42 04 89 44 24 34 4d 89 7b 18 44 8b fe 49 


Stack slot to memory mapping:
stack at sp + 0 slots: 0x000000000000153c is an unknown value
stack at sp + 1 slots: 0x000000000000153c is an unknown value
stack at sp + 2 slots: 0x000002a6de35c000 points into unknown readable memory: 0x726f002f6ebc0003 | 03 00 bc 6e 2f 00 6f 72
stack at sp + 3 slots: 0x0 is NULL
stack at sp + 4 slots: 0x0000000000010514 is an unknown value
stack at sp + 5 slots: 0x000000010000302c is pointing into metadata
stack at sp + 6 slots: 0x4000000000000031 is an unknown value
stack at sp + 7 slots: 0x000002a6e34d7e20 points into unknown readable memory: 0x1051500000000000 | 00 00 00 00 00 50 51 10


---------------  P R O C E S S  ---------------

Threads class SMR info:
_java_thread_list=0x000002a6e3cb9ce0, length=57, elements={
0x000002a6bfa0c260, 0x000002a6de042600, 0x000002a6de043390, 0x000002a6de0a2220,
0x000002a6de0a2af0, 0x000002a6de0a33c0, 0x000002a6de0a3c90, 0x000002a6de09a090,
0x000002a6de0b2af0, 0x000002a6de0b5020, 0x000002a6de1a8b20, 0x000002a6de318c20,
0x000002a6de361240, 0x000002a6dff70040, 0x000002a6def2b130, 0x000002a6e046f940,
0x000002a6e063bc90, 0x000002a6e05fc180, 0x000002a6dff1b360, 0x000002a6dff1d1c0,
0x000002a6dff1ae50, 0x000002a6dff1bd80, 0x000002a6dff1c290, 0x000002a6dff19f20,
0x000002a6dff1a430, 0x000002a6dff1a940, 0x000002a6dff1ccb0, 0x000002a6dff1c7a0,
0x000002a6e0546e30, 0x000002a6e0547850, 0x000002a6e0545f00, 0x000002a6e0546410,
0x000002a6e0547d60, 0x000002a6e0543170, 0x000002a6e0547340, 0x000002a6e05459f0,
0x000002a6e0548c90, 0x000002a6e0543b90, 0x000002a6e05440a0, 0x000002a6e05491a0,
0x000002a6e05445b0, 0x000002a6e0548270, 0x000002a6e0549bc0, 0x000002a6e0542c60,
0x000002a6e0548780, 0x000002a6e045ac10, 0x000002a6e05496b0, 0x000002a6e054a0d0,
0x000002a6e05454e0, 0x000002a6e0544fd0, 0x000002a6e054a5e0, 0x000002a6e0546920,
0x000002a6e1868060, 0x000002a6e186efc0, 0x000002a6e186c230, 0x000002a6e18694a0,
0x000002a6e186a8e0
}

Java Threads: ( => current thread )
  0x000002a6bfa0c260 JavaThread "main" [_thread_blocked, id=1592, stack(0x000000c127400000,0x000000c127500000)]
  0x000002a6de042600 JavaThread "Reference Handler" daemon [_thread_blocked, id=1588, stack(0x000000c127b00000,0x000000c127c00000)]
  0x000002a6de043390 JavaThread "Finalizer" daemon [_thread_blocked, id=11928, stack(0x000000c127c00000,0x000000c127d00000)]
  0x000002a6de0a2220 JavaThread "Signal Dispatcher" daemon [_thread_blocked, id=11912, stack(0x000000c127d00000,0x000000c127e00000)]
  0x000002a6de0a2af0 JavaThread "Attach Listener" daemon [_thread_blocked, id=4408, stack(0x000000c127e00000,0x000000c127f00000)]
  0x000002a6de0a33c0 JavaThread "Service Thread" daemon [_thread_blocked, id=4540, stack(0x000000c127f00000,0x000000c128000000)]
  0x000002a6de0a3c90 JavaThread "Monitor Deflation Thread" daemon [_thread_blocked, id=13944, stack(0x000000c128000000,0x000000c128100000)]
  0x000002a6de09a090 JavaThread "C2 CompilerThread0" daemon [_thread_in_native, id=6844, stack(0x000000c128100000,0x000000c128200000)]
  0x000002a6de0b2af0 JavaThread "C1 CompilerThread0" daemon [_thread_in_native, id=12188, stack(0x000000c128200000,0x000000c128300000)]
  0x000002a6de0b5020 JavaThread "Sweeper thread" daemon [_thread_blocked, id=7564, stack(0x000000c128300000,0x000000c128400000)]
  0x000002a6de1a8b20 JavaThread "Common-Cleaner" daemon [_thread_blocked, id=6240, stack(0x000000c128400000,0x000000c128500000)]
  0x000002a6de318c20 JavaThread "Notification Thread" daemon [_thread_blocked, id=10988, stack(0x000000c128500000,0x000000c128600000)]
=>0x000002a6de361240 JavaThread "C2 CompilerThread1" daemon [_thread_in_native, id=13968, stack(0x000000c128700000,0x000000c128800000)]
  0x000002a6dff70040 JavaThread "Daemon health stats" [_thread_blocked, id=9508, stack(0x000000c128e00000,0x000000c128f00000)]
  0x000002a6def2b130 JavaThread "Incoming local TCP Connector on port 51925" [_thread_in_native, id=7792, stack(0x000000c128f00000,0x000000c129000000)]
  0x000002a6e046f940 JavaThread "Daemon periodic checks" [_thread_blocked, id=13760, stack(0x000000c129000000,0x000000c129100000)]
  0x000002a6e063bc90 JavaThread "Daemon" [_thread_blocked, id=5196, stack(0x000000c129100000,0x000000c129200000)]
  0x000002a6e05fc180 JavaThread "Handler for socket connection from /127.0.0.1:51925 to /127.0.0.1:51927" [_thread_in_native, id=14300, stack(0x000000c129200000,0x000000c129300000)]
  0x000002a6dff1b360 JavaThread "Cancel handler" [_thread_blocked, id=7972, stack(0x000000c129300000,0x000000c129400000)]
  0x000002a6dff1d1c0 JavaThread "Daemon worker" [_thread_in_vm, id=8096, stack(0x000000c129400000,0x000000c129500000)]
  0x000002a6dff1ae50 JavaThread "Asynchronous log dispatcher for DefaultDaemonConnection: socket connection from /127.0.0.1:51925 to /127.0.0.1:51927" [_thread_blocked, id=6156, stack(0x000000c129500000,0x000000c129600000)]
  0x000002a6dff1bd80 JavaThread "Stdin handler" [_thread_blocked, id=5272, stack(0x000000c129600000,0x000000c129700000)]
  0x000002a6dff1c290 JavaThread "Daemon client event forwarder" [_thread_blocked, id=8944, stack(0x000000c129700000,0x000000c129800000)]
  0x000002a6dff19f20 JavaThread "Cache worker for journal cache (E:\Android\gradle\caches\journal-1)" [_thread_blocked, id=3748, stack(0x000000c129e00000,0x000000c129f00000)]
  0x000002a6dff1a430 JavaThread "File lock request listener" [_thread_in_native, id=11920, stack(0x000000c129f00000,0x000000c12a000000)]
  0x000002a6dff1a940 JavaThread "Cache worker for file hash cache (E:\Android\gradle\caches\8.7\fileHashes)" [_thread_in_Java, id=2076, stack(0x000000c12a000000,0x000000c12a100000)]
  0x000002a6dff1ccb0 JavaThread "Cache worker for file hash cache (E:\Chernyshevskiy_ProfSoft_2024\TogetherApp\.gradle\8.7\fileHashes)" [_thread_blocked, id=13872, stack(0x000000c12a100000,0x000000c12a200000)]
  0x000002a6dff1c7a0 JavaThread "File watcher server" daemon [_thread_in_native, id=14192, stack(0x000000c12a200000,0x000000c12a300000)]
  0x000002a6e0546e30 JavaThread "File watcher consumer" daemon [_thread_blocked, id=3460, stack(0x000000c12a300000,0x000000c12a400000)]
  0x000002a6e0547850 JavaThread "Cache worker for checksums cache (E:\Chernyshevskiy_ProfSoft_2024\TogetherApp\.gradle\8.7\checksums)" [_thread_blocked, id=2804, stack(0x000000c12a400000,0x000000c12a500000)]
  0x000002a6e0545f00 JavaThread "Cache worker for cache directory md-supplier (E:\Android\gradle\caches\8.7\md-supplier)" [_thread_blocked, id=7936, stack(0x000000c12a500000,0x000000c12a600000)]
  0x000002a6e0546410 JavaThread "Cache worker for cache directory md-rule (E:\Android\gradle\caches\8.7\md-rule)" [_thread_blocked, id=11476, stack(0x000000c12a600000,0x000000c12a700000)]
  0x000002a6e0547d60 JavaThread "Cache worker for file content cache (E:\Android\gradle\caches\8.7\fileContent)" [_thread_blocked, id=3660, stack(0x000000c12a700000,0x000000c12a800000)]
  0x000002a6e0543170 JavaThread "Cache worker for Build Output Cleanup Cache (E:\Chernyshevskiy_ProfSoft_2024\TogetherApp\.gradle\buildOutputCleanup)" [_thread_blocked, id=13996, stack(0x000000c12a800000,0x000000c12a900000)]
  0x000002a6e0547340 JavaThread "Unconstrained build operations" [_thread_blocked, id=9932, stack(0x000000c128800000,0x000000c128900000)]
  0x000002a6e05459f0 JavaThread "Unconstrained build operations Thread 2" [_thread_blocked, id=6224, stack(0x000000c12a900000,0x000000c12aa00000)]
  0x000002a6e0548c90 JavaThread "Unconstrained build operations Thread 3" [_thread_blocked, id=10720, stack(0x000000c12aa00000,0x000000c12ab00000)]
  0x000002a6e0543b90 JavaThread "Unconstrained build operations Thread 4" [_thread_blocked, id=6256, stack(0x000000c12ab00000,0x000000c12ac00000)]
  0x000002a6e05440a0 JavaThread "Unconstrained build operations Thread 5" [_thread_blocked, id=7888, stack(0x000000c12ac00000,0x000000c12ad00000)]
  0x000002a6e05491a0 JavaThread "Unconstrained build operations Thread 6" [_thread_blocked, id=5108, stack(0x000000c12ad00000,0x000000c12ae00000)]
  0x000002a6e05445b0 JavaThread "Unconstrained build operations Thread 7" [_thread_blocked, id=8592, stack(0x000000c12ae00000,0x000000c12af00000)]
  0x000002a6e0548270 JavaThread "Unconstrained build operations Thread 8" [_thread_blocked, id=11520, stack(0x000000c12af00000,0x000000c12b000000)]
  0x000002a6e0549bc0 JavaThread "Unconstrained build operations Thread 9" [_thread_blocked, id=6552, stack(0x000000c12b000000,0x000000c12b100000)]
  0x000002a6e0542c60 JavaThread "Unconstrained build operations Thread 10" [_thread_blocked, id=7740, stack(0x000000c12b100000,0x000000c12b200000)]
  0x000002a6e0548780 JavaThread "Unconstrained build operations Thread 11" [_thread_blocked, id=1720, stack(0x000000c12b200000,0x000000c12b300000)]
  0x000002a6e045ac10 JavaThread "C2 CompilerThread2" daemon [_thread_in_native, id=14232, stack(0x000000c12b300000,0x000000c12b400000)]
  0x000002a6e05496b0 JavaThread "Unconstrained build operations Thread 12" [_thread_in_native, id=4764, stack(0x000000c12b400000,0x000000c12b500000)]
  0x000002a6e054a0d0 JavaThread "Unconstrained build operations Thread 13" [_thread_blocked, id=13940, stack(0x000000c12b500000,0x000000c12b600000)]
  0x000002a6e05454e0 JavaThread "Unconstrained build operations Thread 14" [_thread_in_native, id=12604, stack(0x000000c12b600000,0x000000c12b700000)]
  0x000002a6e0544fd0 JavaThread "Unconstrained build operations Thread 15" [_thread_in_native, id=5116, stack(0x000000c12b700000,0x000000c12b800000)]
  0x000002a6e054a5e0 JavaThread "Unconstrained build operations Thread 16" [_thread_in_native, id=10052, stack(0x000000c12b800000,0x000000c12b900000)]
  0x000002a6e0546920 JavaThread "Unconstrained build operations Thread 17" [_thread_in_native, id=5212, stack(0x000000c12b900000,0x000000c12ba00000)]
  0x000002a6e1868060 JavaThread "Unconstrained build operations Thread 18" [_thread_in_native, id=8124, stack(0x000000c12ba00000,0x000000c12bb00000)]
  0x000002a6e186efc0 JavaThread "Unconstrained build operations Thread 19" [_thread_in_native, id=8616, stack(0x000000c12bb00000,0x000000c12bc00000)]
  0x000002a6e186c230 JavaThread "Unconstrained build operations Thread 20" [_thread_in_native, id=536, stack(0x000000c12bc00000,0x000000c12bd00000)]
  0x000002a6e18694a0 JavaThread "Unconstrained build operations Thread 21" [_thread_in_native, id=7996, stack(0x000000c12bd00000,0x000000c12be00000)]
  0x000002a6e186a8e0 JavaThread "Unconstrained build operations Thread 22" [_thread_in_native, id=9320, stack(0x000000c12be00000,0x000000c12bf00000)]

Other Threads:
  0x000002a6de03f9d0 VMThread "VM Thread" [stack: 0x000000c127a00000,0x000000c127b00000] [id=13120]
  0x000002a6de319100 WatcherThread [stack: 0x000000c128600000,0x000000c128700000] [id=6868]
  0x000002a6bfa68a30 GCTaskThread "GC Thread#0" [stack: 0x000000c127500000,0x000000c127600000] [id=6276]
  0x000002a6de5bad70 GCTaskThread "GC Thread#1" [stack: 0x000000c128900000,0x000000c128a00000] [id=3288]
  0x000002a6de5bb030 GCTaskThread "GC Thread#2" [stack: 0x000000c128a00000,0x000000c128b00000] [id=8444]
  0x000002a6de5bb2f0 GCTaskThread "GC Thread#3" [stack: 0x000000c128b00000,0x000000c128c00000] [id=11304]
  0x000002a6df068cf0 GCTaskThread "GC Thread#4" [stack: 0x000000c128c00000,0x000000c128d00000] [id=6248]
  0x000002a6df068fb0 GCTaskThread "GC Thread#5" [stack: 0x000000c128d00000,0x000000c128e00000] [id=4884]
  0x000002a6e02f9660 GCTaskThread "GC Thread#6" [stack: 0x000000c129800000,0x000000c129900000] [id=7988]
  0x000002a6e08f5b00 GCTaskThread "GC Thread#7" [stack: 0x000000c129900000,0x000000c129a00000] [id=13832]
  0x000002a6e0b07d20 GCTaskThread "GC Thread#8" [stack: 0x000000c129a00000,0x000000c129b00000] [id=8132]
  0x000002a6df83c460 GCTaskThread "GC Thread#9" [stack: 0x000000c129b00000,0x000000c129c00000] [id=7224]
  0x000002a6bfa7a8a0 ConcurrentGCThread "G1 Main Marker" [stack: 0x000000c127600000,0x000000c127700000] [id=11884]
  0x000002a6bfa7c980 ConcurrentGCThread "G1 Conc#0" [stack: 0x000000c127700000,0x000000c127800000] [id=12276]
  0x000002a6df2b5ea0 ConcurrentGCThread "G1 Conc#1" [stack: 0x000000c129c00000,0x000000c129d00000] [id=288]
  0x000002a6dfa664c0 ConcurrentGCThread "G1 Conc#2" [stack: 0x000000c129d00000,0x000000c129e00000] [id=11632]
  0x000002a6bfacde30 ConcurrentGCThread "G1 Refine#0" [stack: 0x000000c127800000,0x000000c127900000] [id=5992]
  0x000002a6bface770 ConcurrentGCThread "G1 Service" [stack: 0x000000c127900000,0x000000c127a00000] [id=8320]

Threads with active compile tasks:
C2 CompilerThread0     4792 6408       4       java.security.MessageDigest::update (45 bytes)
C2 CompilerThread1     4792 5769       4       java.lang.invoke.MethodType::makeImpl (109 bytes)
C2 CompilerThread2     4792 6409       4       org.gradle.internal.snapshot.VfsRelativePath::compareToFirstSegment (203 bytes)

VM state: not at safepoint (normal execution)

VM Mutex/Monitor currently owned by a thread: None

Heap address: 0x0000000080000000, size: 2048 MB, Compressed Oops mode: 32-bit

CDS archive(s) not mapped
Compressed class space mapped at: 0x0000000100000000-0x0000000140000000, reserved size: 1073741824
Narrow klass base: 0x0000000000000000, Narrow klass shift: 3, Narrow klass range: 0x140000000

GC Precious Log:
 CPUs: 12 total, 12 available
 Memory: 16315M
 Large Page Support: Disabled
 NUMA Support: Disabled
 Compressed Oops: Enabled (32-bit)
 Heap Region Size: 1M
 Heap Min Capacity: 8M
 Heap Initial Capacity: 256M
 Heap Max Capacity: 2G
 Pre-touch: Disabled
 Parallel Workers: 10
 Concurrent Workers: 3
 Concurrent Refinement Workers: 10
 Periodic GC: Disabled

Heap:
 garbage-first heap   total 86016K, used 49328K [0x0000000080000000, 0x0000000100000000)
  region size 1024K, 15 young (15360K), 5 survivors (5120K)
 Metaspace       used 56614K, committed 57216K, reserved 1114112K
  class space    used 7781K, committed 8064K, reserved 1048576K

Heap Regions: E=young(eden), S=young(survivor), O=old, HS=humongous(starts), HC=humongous(continues), CS=collection set, F=free, OA=open archive, CA=closed archive, TAMS=top-at-mark-start (previous, next)
|   0|0x0000000080000000, 0x0000000080100000, 0x0000000080100000|100%|HS|  |TAMS 0x0000000080100000, 0x0000000080000000| Complete 
|   1|0x0000000080100000, 0x0000000080200000, 0x0000000080200000|100%|HC|  |TAMS 0x0000000080200000, 0x0000000080100000| Complete 
|   2|0x0000000080200000, 0x0000000080300000, 0x0000000080300000|100%|HC|  |TAMS 0x0000000080300000, 0x0000000080200000| Complete 
|   3|0x0000000080300000, 0x0000000080400000, 0x0000000080400000|100%|HC|  |TAMS 0x0000000080400000, 0x0000000080300000| Complete 
|   4|0x0000000080400000, 0x0000000080500000, 0x0000000080500000|100%| O|  |TAMS 0x0000000080500000, 0x0000000080400000| Untracked 
|   5|0x0000000080500000, 0x0000000080600000, 0x0000000080600000|100%| O|  |TAMS 0x0000000080600000, 0x0000000080500000| Untracked 
|   6|0x0000000080600000, 0x0000000080700000, 0x0000000080700000|100%| O|  |TAMS 0x0000000080700000, 0x0000000080600000| Untracked 
|   7|0x0000000080700000, 0x0000000080800000, 0x0000000080800000|100%| O|  |TAMS 0x0000000080800000, 0x0000000080700000| Untracked 
|   8|0x0000000080800000, 0x0000000080900000, 0x0000000080900000|100%| O|  |TAMS 0x0000000080900000, 0x0000000080800000| Untracked 
|   9|0x0000000080900000, 0x0000000080a00000, 0x0000000080a00000|100%| O|  |TAMS 0x0000000080a00000, 0x0000000080900000| Untracked 
|  10|0x0000000080a00000, 0x0000000080a65800, 0x0000000080b00000| 39%| O|  |TAMS 0x0000000080a65800, 0x0000000080a00000| Untracked 
|  11|0x0000000080b00000, 0x0000000080c00000, 0x0000000080c00000|100%| O|  |TAMS 0x0000000080c00000, 0x0000000080b00000| Untracked 
|  12|0x0000000080c00000, 0x0000000080d00000, 0x0000000080d00000|100%| O|  |TAMS 0x0000000080d00000, 0x0000000080c00000| Untracked 
|  13|0x0000000080d00000, 0x0000000080e00000, 0x0000000080e00000|100%| O|  |TAMS 0x0000000080e00000, 0x0000000080d00000| Untracked 
|  14|0x0000000080e00000, 0x0000000080f00000, 0x0000000080f00000|100%| O|  |TAMS 0x0000000080f00000, 0x0000000080e00000| Untracked 
|  15|0x0000000080f00000, 0x0000000081000000, 0x0000000081000000|100%| O|  |TAMS 0x0000000081000000, 0x0000000080f00000| Untracked 
|  16|0x0000000081000000, 0x0000000081100000, 0x0000000081100000|100%| O|  |TAMS 0x0000000081100000, 0x0000000081000000| Untracked 
|  17|0x0000000081100000, 0x0000000081200000, 0x0000000081200000|100%| O|  |TAMS 0x0000000081200000, 0x0000000081100000| Untracked 
|  18|0x0000000081200000, 0x0000000081300000, 0x0000000081300000|100%| O|  |TAMS 0x0000000081300000, 0x0000000081200000| Untracked 
|  19|0x0000000081300000, 0x0000000081400000, 0x0000000081400000|100%| O|  |TAMS 0x0000000081400000, 0x0000000081300000| Untracked 
|  20|0x0000000081400000, 0x0000000081500000, 0x0000000081500000|100%| O|  |TAMS 0x0000000081500000, 0x0000000081400000| Untracked 
|  21|0x0000000081500000, 0x0000000081600000, 0x0000000081600000|100%| O|  |TAMS 0x0000000081600000, 0x0000000081500000| Untracked 
|  22|0x0000000081600000, 0x0000000081700000, 0x0000000081700000|100%| O|  |TAMS 0x0000000081700000, 0x0000000081600000| Untracked 
|  23|0x0000000081700000, 0x0000000081800000, 0x0000000081800000|100%| O|  |TAMS 0x0000000081800000, 0x0000000081700000| Untracked 
|  24|0x0000000081800000, 0x0000000081900000, 0x0000000081900000|100%| O|  |TAMS 0x0000000081900000, 0x0000000081800000| Untracked 
|  25|0x0000000081900000, 0x0000000081a00000, 0x0000000081a00000|100%| O|  |TAMS 0x0000000081a00000, 0x0000000081900000| Untracked 
|  26|0x0000000081a00000, 0x0000000081b00000, 0x0000000081b00000|100%| O|  |TAMS 0x0000000081b00000, 0x0000000081a00000| Untracked 
|  27|0x0000000081b00000, 0x0000000081c00000, 0x0000000081c00000|100%| O|  |TAMS 0x0000000081c00000, 0x0000000081b00000| Untracked 
|  28|0x0000000081c00000, 0x0000000081d00000, 0x0000000081d00000|100%| O|  |TAMS 0x0000000081d00000, 0x0000000081c00000| Untracked 
|  29|0x0000000081d00000, 0x0000000081e00000, 0x0000000081e00000|100%| O|  |TAMS 0x0000000081e00000, 0x0000000081d00000| Untracked 
|  30|0x0000000081e00000, 0x0000000081f00000, 0x0000000081f00000|100%| O|  |TAMS 0x0000000081f00000, 0x0000000081e00000| Untracked 
|  31|0x0000000081f00000, 0x0000000082000000, 0x0000000082000000|100%| O|  |TAMS 0x0000000081f90200, 0x0000000081f00000| Untracked 
|  32|0x0000000082000000, 0x0000000082100000, 0x0000000082100000|100%| O|  |TAMS 0x0000000082000000, 0x0000000082000000| Untracked 
|  33|0x0000000082100000, 0x00000000821c6800, 0x0000000082200000| 77%| O|  |TAMS 0x0000000082100000, 0x0000000082100000| Untracked 
|  34|0x0000000082200000, 0x0000000082200000, 0x0000000082300000|  0%| F|  |TAMS 0x0000000082200000, 0x0000000082200000| Untracked 
|  35|0x0000000082300000, 0x0000000082400000, 0x0000000082400000|100%| O|  |TAMS 0x0000000082300000, 0x0000000082300000| Untracked 
|  36|0x0000000082400000, 0x0000000082500000, 0x0000000082500000|100%| O|  |TAMS 0x0000000082400000, 0x0000000082400000| Untracked 
|  37|0x0000000082500000, 0x0000000082500000, 0x0000000082600000|  0%| F|  |TAMS 0x0000000082500000, 0x0000000082500000| Untracked 
|  38|0x0000000082600000, 0x0000000082600000, 0x0000000082700000|  0%| F|  |TAMS 0x0000000082600000, 0x0000000082600000| Untracked 
|  39|0x0000000082700000, 0x0000000082700000, 0x0000000082800000|  0%| F|  |TAMS 0x0000000082700000, 0x0000000082700000| Untracked 
|  40|0x0000000082800000, 0x0000000082800000, 0x0000000082900000|  0%| F|  |TAMS 0x0000000082800000, 0x0000000082800000| Untracked 
|  41|0x0000000082900000, 0x0000000082900000, 0x0000000082a00000|  0%| F|  |TAMS 0x0000000082900000, 0x0000000082900000| Untracked 
|  42|0x0000000082a00000, 0x0000000082a00000, 0x0000000082b00000|  0%| F|  |TAMS 0x0000000082a00000, 0x0000000082a00000| Untracked 
|  43|0x0000000082b00000, 0x0000000082b00000, 0x0000000082c00000|  0%| F|  |TAMS 0x0000000082b00000, 0x0000000082b00000| Untracked 
|  44|0x0000000082c00000, 0x0000000082c00000, 0x0000000082d00000|  0%| F|  |TAMS 0x0000000082c00000, 0x0000000082c00000| Untracked 
|  45|0x0000000082d00000, 0x0000000082d00000, 0x0000000082e00000|  0%| F|  |TAMS 0x0000000082d00000, 0x0000000082d00000| Untracked 
|  46|0x0000000082e00000, 0x0000000082e00000, 0x0000000082f00000|  0%| F|  |TAMS 0x0000000082e00000, 0x0000000082e00000| Untracked 
|  47|0x0000000082f00000, 0x0000000082f00000, 0x0000000083000000|  0%| F|  |TAMS 0x0000000082f00000, 0x0000000082f00000| Untracked 
|  48|0x0000000083000000, 0x0000000083100000, 0x0000000083100000|100%| S|CS|TAMS 0x0000000083000000, 0x0000000083000000| Complete 
|  49|0x0000000083100000, 0x0000000083200000, 0x0000000083200000|100%| S|CS|TAMS 0x0000000083100000, 0x0000000083100000| Complete 
|  50|0x0000000083200000, 0x0000000083300000, 0x0000000083300000|100%| S|CS|TAMS 0x0000000083200000, 0x0000000083200000| Complete 
|  51|0x0000000083300000, 0x0000000083400000, 0x0000000083400000|100%| S|CS|TAMS 0x0000000083300000, 0x0000000083300000| Complete 
|  52|0x0000000083400000, 0x0000000083500000, 0x0000000083500000|100%| S|CS|TAMS 0x0000000083400000, 0x0000000083400000| Complete 
|  53|0x0000000083500000, 0x0000000083500000, 0x0000000083600000|  0%| F|  |TAMS 0x0000000083500000, 0x0000000083500000| Untracked 
|  54|0x0000000083600000, 0x0000000083600000, 0x0000000083700000|  0%| F|  |TAMS 0x0000000083600000, 0x0000000083600000| Untracked 
|  55|0x0000000083700000, 0x0000000083700000, 0x0000000083800000|  0%| F|  |TAMS 0x0000000083700000, 0x0000000083700000| Untracked 
|  56|0x0000000083800000, 0x0000000083800000, 0x0000000083900000|  0%| F|  |TAMS 0x0000000083800000, 0x0000000083800000| Untracked 
|  57|0x0000000083900000, 0x0000000083900000, 0x0000000083a00000|  0%| F|  |TAMS 0x0000000083900000, 0x0000000083900000| Untracked 
|  58|0x0000000083a00000, 0x0000000083a00000, 0x0000000083b00000|  0%| F|  |TAMS 0x0000000083a00000, 0x0000000083a00000| Untracked 
|  59|0x0000000083b00000, 0x0000000083b00000, 0x0000000083c00000|  0%| F|  |TAMS 0x0000000083b00000, 0x0000000083b00000| Untracked 
|  60|0x0000000083c00000, 0x0000000083c00000, 0x0000000083d00000|  0%| F|  |TAMS 0x0000000083c00000, 0x0000000083c00000| Untracked 
|  61|0x0000000083d00000, 0x0000000083d00000, 0x0000000083e00000|  0%| F|  |TAMS 0x0000000083d00000, 0x0000000083d00000| Untracked 
|  62|0x0000000083e00000, 0x0000000083e00000, 0x0000000083f00000|  0%| F|  |TAMS 0x0000000083e00000, 0x0000000083e00000| Untracked 
|  63|0x0000000083f00000, 0x0000000083f00000, 0x0000000084000000|  0%| F|  |TAMS 0x0000000083f00000, 0x0000000083f00000| Untracked 
|  64|0x0000000084000000, 0x0000000084000000, 0x0000000084100000|  0%| F|  |TAMS 0x0000000084000000, 0x0000000084000000| Untracked 
|  65|0x0000000084100000, 0x0000000084100000, 0x0000000084200000|  0%| F|  |TAMS 0x0000000084100000, 0x0000000084100000| Untracked 
|  66|0x0000000084200000, 0x0000000084200000, 0x0000000084300000|  0%| F|  |TAMS 0x0000000084200000, 0x0000000084200000| Untracked 
|  67|0x0000000084300000, 0x0000000084300000, 0x0000000084400000|  0%| F|  |TAMS 0x0000000084300000, 0x0000000084300000| Untracked 
|  68|0x0000000084400000, 0x0000000084400000, 0x0000000084500000|  0%| F|  |TAMS 0x0000000084400000, 0x0000000084400000| Untracked 
|  69|0x0000000084500000, 0x0000000084500000, 0x0000000084600000|  0%| F|  |TAMS 0x0000000084500000, 0x0000000084500000| Untracked 
|  70|0x0000000084600000, 0x0000000084600000, 0x0000000084700000|  0%| F|  |TAMS 0x0000000084600000, 0x0000000084600000| Untracked 
|  71|0x0000000084700000, 0x0000000084700000, 0x0000000084800000|  0%| F|  |TAMS 0x0000000084700000, 0x0000000084700000| Untracked 
|  72|0x0000000084800000, 0x0000000084800000, 0x0000000084900000|  0%| F|  |TAMS 0x0000000084800000, 0x0000000084800000| Untracked 
|  73|0x0000000084900000, 0x0000000084900000, 0x0000000084a00000|  0%| F|  |TAMS 0x0000000084900000, 0x0000000084900000| Untracked 
| 199|0x000000008c700000, 0x000000008c7e9128, 0x000000008c800000| 91%| E|  |TAMS 0x000000008c700000, 0x000000008c700000| Complete 
| 200|0x000000008c800000, 0x000000008c900000, 0x000000008c900000|100%| E|CS|TAMS 0x000000008c800000, 0x000000008c800000| Complete 
| 201|0x000000008c900000, 0x000000008ca00000, 0x000000008ca00000|100%| E|  |TAMS 0x000000008c900000, 0x000000008c900000| Complete 
| 202|0x000000008ca00000, 0x000000008cb00000, 0x000000008cb00000|100%| E|CS|TAMS 0x000000008ca00000, 0x000000008ca00000| Complete 
| 203|0x000000008cb00000, 0x000000008cc00000, 0x000000008cc00000|100%| E|CS|TAMS 0x000000008cb00000, 0x000000008cb00000| Complete 
| 204|0x000000008cc00000, 0x000000008cd00000, 0x000000008cd00000|100%| E|CS|TAMS 0x000000008cc00000, 0x000000008cc00000| Complete 
| 205|0x000000008cd00000, 0x000000008ce00000, 0x000000008ce00000|100%| E|CS|TAMS 0x000000008cd00000, 0x000000008cd00000| Complete 
| 206|0x000000008ce00000, 0x000000008cf00000, 0x000000008cf00000|100%| E|CS|TAMS 0x000000008ce00000, 0x000000008ce00000| Complete 
| 207|0x000000008cf00000, 0x000000008d000000, 0x000000008d000000|100%| E|CS|TAMS 0x000000008cf00000, 0x000000008cf00000| Complete 
| 255|0x000000008ff00000, 0x0000000090000000, 0x0000000090000000|100%| E|CS|TAMS 0x000000008ff00000, 0x000000008ff00000| Complete 

Card table byte_map: [0x000002a6d2850000,0x000002a6d2c50000] _byte_map_base: 0x000002a6d2450000

Marking Bits (Prev, Next): (CMBitMap*) 0x000002a6bfa68fa0, (CMBitMap*) 0x000002a6bfa68f60
 Prev Bits: [0x000002a6d5050000, 0x000002a6d7050000)
 Next Bits: [0x000002a6d3050000, 0x000002a6d5050000)

Polling page: 0x000002a6bd970000

Metaspace:

Usage:
  Non-class:     47.69 MB used.
      Class:      7.60 MB used.
       Both:     55.29 MB used.

Virtual space:
  Non-class space:       64.00 MB reserved,      48.00 MB ( 75%) committed,  1 nodes.
      Class space:        1.00 GB reserved,       7.88 MB ( <1%) committed,  1 nodes.
             Both:        1.06 GB reserved,      55.88 MB (  5%) committed. 

Chunk freelists:
   Non-Class:  15.97 MB
       Class:  8.17 MB
        Both:  24.14 MB

MaxMetaspaceSize: unlimited
CompressedClassSpaceSize: 1.00 GB
Initial GC threshold: 21.00 MB
Current GC threshold: 87.12 MB
CDS: off
MetaspaceReclaimPolicy: balanced
 - commit_granule_bytes: 65536.
 - commit_granule_words: 8192.
 - virtual_space_node_default_size: 8388608.
 - enlarge_chunks_in_place: 1.
 - new_chunks_are_fully_committed: 0.
 - uncommit_free_chunks: 1.
 - use_allocation_guard: 0.
 - handle_deallocations: 1.


Internal statistics:

num_allocs_failed_limit: 6.
num_arena_births: 610.
num_arena_deaths: 0.
num_vsnodes_births: 2.
num_vsnodes_deaths: 0.
num_space_committed: 894.
num_space_uncommitted: 0.
num_chunks_returned_to_freelist: 6.
num_chunks_taken_from_freelist: 2506.
num_chunk_merges: 6.
num_chunk_splits: 1648.
num_chunks_enlarged: 1101.
num_inconsistent_stats: 0.

CodeHeap 'non-profiled nmethods': size=120000Kb used=2815Kb max_used=2879Kb free=117184Kb
 bounds [0x000002a6ca9c0000, 0x000002a6cac90000, 0x000002a6d1ef0000]
CodeHeap 'profiled nmethods': size=120000Kb used=10357Kb max_used=10357Kb free=109643Kb
 bounds [0x000002a6c2ef0000, 0x000002a6c3910000, 0x000002a6ca420000]
CodeHeap 'non-nmethods': size=5760Kb used=1629Kb max_used=1716Kb free=4130Kb
 bounds [0x000002a6ca420000, 0x000002a6ca690000, 0x000002a6ca9c0000]
 total_blobs=6414 nmethods=5714 adapters=612
 compilation: enabled
              stopped_count=0, restarted_count=0
 full_count=0

Compilation events (20 events):
Event: 4.731 Thread 0x000002a6de0b2af0 6286       3       com.google.common.collect.ImmutableCollection::toArray (67 bytes)
Event: 4.731 Thread 0x000002a6de0b2af0 nmethod 6286 0x000002a6c38b7f10 code [0x000002a6c38b81a0, 0x000002a6c38b8e28]
Event: 4.731 Thread 0x000002a6de0b2af0 6290       3       java.util.TimSort::binarySort (223 bytes)
Event: 4.732 Thread 0x000002a6de0b2af0 nmethod 6290 0x000002a6c38b9190 code [0x000002a6c38b93a0, 0x000002a6c38b9e58]
Event: 4.732 Thread 0x000002a6de0b2af0 6289       3       java.util.TimSort::countRunAndMakeAscending (128 bytes)
Event: 4.732 Thread 0x000002a6de0b2af0 nmethod 6289 0x000002a6c38ba190 code [0x000002a6c38ba3a0, 0x000002a6c38baab8]
Event: 4.732 Thread 0x000002a6de0b2af0 6291       3       java.util.ArrayDeque::peekLast (19 bytes)
Event: 4.732 Thread 0x000002a6e045ac10 6293       4       java.util.Spliterators$ArraySpliterator::estimateSize (11 bytes)
Event: 4.732 Thread 0x000002a6de0b2af0 nmethod 6291 0x000002a6c38bad10 code [0x000002a6c38baec0, 0x000002a6c38bb0f8]
Event: 4.732 Thread 0x000002a6de0b2af0 6287       3       org.gradle.internal.model.CalculatedValueContainer$CalculationState$$Lambda$662/0x000000010065f248::<init> (15 bytes)
Event: 4.732 Thread 0x000002a6de0b2af0 nmethod 6287 0x000002a6c38bb210 code [0x000002a6c38bb3c0, 0x000002a6c38bb5d8]
Event: 4.732 Thread 0x000002a6de0b2af0 6288       3       org.gradle.internal.model.CalculatedValueContainer$CalculationState$$Lambda$662/0x000000010065f248::call (12 bytes)
Event: 4.733 Thread 0x000002a6de0b2af0 nmethod 6288 0x000002a6c38bb690 code [0x000002a6c38bb840, 0x000002a6c38bb988]
Event: 4.733 Thread 0x000002a6e045ac10 nmethod 6293 0x000002a6cac18790 code [0x000002a6cac18900, 0x000002a6cac18978]
Event: 4.733 Thread 0x000002a6de0b2af0 6292       1       org.gradle.internal.execution.workspace.impl.CacheBasedImmutableWorkspaceProvider$1::getImmutableLocation (5 bytes)
Event: 4.733 Thread 0x000002a6de0b2af0 nmethod 6292 0x000002a6cac18490 code [0x000002a6cac18620, 0x000002a6cac186f8]
Event: 4.733 Thread 0x000002a6de0b2af0 6294       3       org.gradle.internal.model.CalculatedValueContainer$CalculationState::acquireLock (35 bytes)
Event: 4.733 Thread 0x000002a6e045ac10 6295       4       java.util.concurrent.atomic.AtomicReferenceArray::get (12 bytes)
Event: 4.733 Thread 0x000002a6de0b2af0 nmethod 6294 0x000002a6c38bba90 code [0x000002a6c38bbc80, 0x000002a6c38bc1b8]
Event: 4.734 Thread 0x000002a6e045ac10 nmethod 6295 0x000002a6cac18110 code [0x000002a6cac18280, 0x000002a6cac18338]

GC Heap History (20 events):
Event: 2.000 GC heap before
{Heap before GC invocations=6 (full 0):
 garbage-first heap   total 71680K, used 51161K [0x0000000080000000, 0x0000000100000000)
  region size 1024K, 32 young (32768K), 4 survivors (4096K)
 Metaspace       used 33957K, committed 34304K, reserved 1114112K
  class space    used 4628K, committed 4800K, reserved 1048576K
}
Event: 2.003 GC heap after
{Heap after GC invocations=7 (full 0):
 garbage-first heap   total 71680K, used 23892K [0x0000000080000000, 0x0000000100000000)
  region size 1024K, 4 young (4096K), 4 survivors (4096K)
 Metaspace       used 33957K, committed 34304K, reserved 1114112K
  class space    used 4628K, committed 4800K, reserved 1048576K
}
Event: 2.112 GC heap before
{Heap before GC invocations=7 (full 0):
 garbage-first heap   total 71680K, used 33108K [0x0000000080000000, 0x0000000100000000)
  region size 1024K, 15 young (15360K), 4 survivors (4096K)
 Metaspace       used 35647K, committed 35968K, reserved 1114112K
  class space    used 4869K, committed 4992K, reserved 1048576K
}
Event: 2.114 GC heap after
{Heap after GC invocations=8 (full 0):
 garbage-first heap   total 71680K, used 24248K [0x0000000080000000, 0x0000000100000000)
  region size 1024K, 2 young (2048K), 2 survivors (2048K)
 Metaspace       used 35647K, committed 35968K, reserved 1114112K
  class space    used 4869K, committed 4992K, reserved 1048576K
}
Event: 2.377 GC heap before
{Heap before GC invocations=9 (full 0):
 garbage-first heap   total 71680K, used 53944K [0x0000000080000000, 0x0000000100000000)
  region size 1024K, 32 young (32768K), 2 survivors (2048K)
 Metaspace       used 41275K, committed 41664K, reserved 1114112K
  class space    used 5480K, committed 5632K, reserved 1048576K
}
Event: 2.379 GC heap after
{Heap after GC invocations=10 (full 0):
 garbage-first heap   total 71680K, used 27917K [0x0000000080000000, 0x0000000100000000)
  region size 1024K, 4 young (4096K), 4 survivors (4096K)
 Metaspace       used 41275K, committed 41664K, reserved 1114112K
  class space    used 5480K, committed 5632K, reserved 1048576K
}
Event: 2.491 GC heap before
{Heap before GC invocations=10 (full 0):
 garbage-first heap   total 71680K, used 54541K [0x0000000080000000, 0x0000000100000000)
  region size 1024K, 30 young (30720K), 4 survivors (4096K)
 Metaspace       used 42358K, committed 42752K, reserved 1114112K
  class space    used 5655K, committed 5888K, reserved 1048576K
}
Event: 2.494 GC heap after
{Heap after GC invocations=11 (full 0):
 garbage-first heap   total 71680K, used 30169K [0x0000000080000000, 0x0000000100000000)
  region size 1024K, 3 young (3072K), 3 survivors (3072K)
 Metaspace       used 42358K, committed 42752K, reserved 1114112K
  class space    used 5655K, committed 5888K, reserved 1048576K
}
Event: 2.781 GC heap before
{Heap before GC invocations=11 (full 0):
 garbage-first heap   total 71680K, used 53721K [0x0000000080000000, 0x0000000100000000)
  region size 1024K, 27 young (27648K), 3 survivors (3072K)
 Metaspace       used 45305K, committed 45760K, reserved 1114112K
  class space    used 6147K, committed 6336K, reserved 1048576K
}
Event: 2.784 GC heap after
{Heap after GC invocations=12 (full 0):
 garbage-first heap   total 71680K, used 31816K [0x0000000080000000, 0x0000000100000000)
  region size 1024K, 4 young (4096K), 4 survivors (4096K)
 Metaspace       used 45305K, committed 45760K, reserved 1114112K
  class space    used 6147K, committed 6336K, reserved 1048576K
}
Event: 3.019 GC heap before
{Heap before GC invocations=12 (full 0):
 garbage-first heap   total 71680K, used 56392K [0x0000000080000000, 0x0000000100000000)
  region size 1024K, 28 young (28672K), 4 survivors (4096K)
 Metaspace       used 48298K, committed 48768K, reserved 1114112K
  class space    used 6611K, committed 6848K, reserved 1048576K
}
Event: 3.021 GC heap after
{Heap after GC invocations=13 (full 0):
 garbage-first heap   total 71680K, used 32947K [0x0000000080000000, 0x0000000100000000)
  region size 1024K, 4 young (4096K), 4 survivors (4096K)
 Metaspace       used 48298K, committed 48768K, reserved 1114112K
  class space    used 6611K, committed 6848K, reserved 1048576K
}
Event: 3.260 GC heap before
{Heap before GC invocations=13 (full 0):
 garbage-first heap   total 71680K, used 55475K [0x0000000080000000, 0x0000000100000000)
  region size 1024K, 27 young (27648K), 4 survivors (4096K)
 Metaspace       used 51332K, committed 51776K, reserved 1114112K
  class space    used 7112K, committed 7296K, reserved 1048576K
}
Event: 3.262 GC heap after
{Heap after GC invocations=14 (full 0):
 garbage-first heap   total 71680K, used 34488K [0x0000000080000000, 0x0000000100000000)
  region size 1024K, 3 young (3072K), 3 survivors (3072K)
 Metaspace       used 51332K, committed 51776K, reserved 1114112K
  class space    used 7112K, committed 7296K, reserved 1048576K
}
Event: 3.332 GC heap before
{Heap before GC invocations=14 (full 0):
 garbage-first heap   total 71680K, used 41656K [0x0000000080000000, 0x0000000100000000)
  region size 1024K, 12 young (12288K), 3 survivors (3072K)
 Metaspace       used 52320K, committed 52800K, reserved 1114112K
  class space    used 7274K, committed 7488K, reserved 1048576K
}
Event: 3.333 GC heap after
{Heap after GC invocations=15 (full 0):
 garbage-first heap   total 71680K, used 35370K [0x0000000080000000, 0x0000000100000000)
  region size 1024K, 3 young (3072K), 3 survivors (3072K)
 Metaspace       used 52320K, committed 52800K, reserved 1114112K
  class space    used 7274K, committed 7488K, reserved 1048576K
}
Event: 3.655 GC heap before
{Heap before GC invocations=16 (full 0):
 garbage-first heap   total 71680K, used 59946K [0x0000000080000000, 0x0000000100000000)
  region size 1024K, 25 young (25600K), 3 survivors (3072K)
 Metaspace       used 55346K, committed 55872K, reserved 1114112K
  class space    used 7640K, committed 7872K, reserved 1048576K
}
Event: 3.657 GC heap after
{Heap after GC invocations=17 (full 0):
 garbage-first heap   total 86016K, used 36598K [0x0000000080000000, 0x0000000100000000)
  region size 1024K, 3 young (3072K), 3 survivors (3072K)
 Metaspace       used 55346K, committed 55872K, reserved 1114112K
  class space    used 7640K, committed 7872K, reserved 1048576K
}
Event: 4.713 GC heap before
{Heap before GC invocations=17 (full 0):
 garbage-first heap   total 86016K, used 67318K [0x0000000080000000, 0x0000000100000000)
  region size 1024K, 34 young (34816K), 3 survivors (3072K)
 Metaspace       used 56499K, committed 57024K, reserved 1114112K
  class space    used 7781K, committed 8064K, reserved 1048576K
}
Event: 4.716 GC heap after
{Heap after GC invocations=18 (full 0):
 garbage-first heap   total 86016K, used 41136K [0x0000000080000000, 0x0000000100000000)
  region size 1024K, 5 young (5120K), 5 survivors (5120K)
 Metaspace       used 56499K, committed 57024K, reserved 1114112K
  class space    used 7781K, committed 8064K, reserved 1048576K
}

Dll operation events (3 events):
Event: 0.004 Loaded shared library E:\Android\AndroidStudio\jbr\bin\java.dll
Event: 0.089 Loaded shared library E:\Android\AndroidStudio\jbr\bin\zip.dll
Event: 0.231 Loaded shared library E:\Android\AndroidStudio\jbr\bin\verify.dll

Deoptimization events (20 events):
Event: 4.572 Thread 0x000002a6e05445b0 DEOPT PACKING pc=0x000002a6c332f254 sp=0x000000c12aefdca0
Event: 4.572 Thread 0x000002a6e05445b0 DEOPT UNPACKING pc=0x000002a6ca477143 sp=0x000000c12aefd1f8 mode 0
Event: 4.605 Thread 0x000002a6e05496b0 Uncommon trap: trap_request=0xffffffcc fr.pc=0x000002a6caaa0288 relative=0x0000000000001468
Event: 4.605 Thread 0x000002a6e05496b0 Uncommon trap: reason=intrinsic_or_type_checked_inlining action=make_not_entrant pc=0x000002a6caaa0288 method=java.util.ArrayList.toArray([Ljava/lang/Object;)[Ljava/lang/Object; @ 36 c2
Event: 4.605 Thread 0x000002a6e05496b0 DEOPT PACKING pc=0x000002a6caaa0288 sp=0x000000c12b4fe1a0
Event: 4.605 Thread 0x000002a6e05496b0 DEOPT UNPACKING pc=0x000002a6ca4769a3 sp=0x000000c12b4fe0e8 mode 2
Event: 4.605 Thread 0x000002a6dff1d1c0 Uncommon trap: trap_request=0xffffff45 fr.pc=0x000002a6cac46344 relative=0x0000000000000304
Event: 4.605 Thread 0x000002a6dff1d1c0 Uncommon trap: reason=unstable_if action=reinterpret pc=0x000002a6cac46344 method=org.gradle.internal.snapshot.PathUtil.equalChars(CCLorg/gradle/internal/snapshot/CaseSensitivity;)Z @ 11 c2
Event: 4.605 Thread 0x000002a6dff1d1c0 DEOPT PACKING pc=0x000002a6cac46344 sp=0x000000c1294f5cc0
Event: 4.605 Thread 0x000002a6dff1d1c0 DEOPT UNPACKING pc=0x000002a6ca4769a3 sp=0x000000c1294f5c70 mode 2
Event: 4.605 Thread 0x000002a6dff1d1c0 Uncommon trap: trap_request=0xffffff45 fr.pc=0x000002a6caba3998 relative=0x00000000000002d8
Event: 4.605 Thread 0x000002a6dff1d1c0 Uncommon trap: reason=unstable_if action=reinterpret pc=0x000002a6caba3998 method=org.gradle.internal.snapshot.PathUtil.compareCharsIgnoringCase(CC)I @ 11 c2
Event: 4.605 Thread 0x000002a6dff1d1c0 DEOPT PACKING pc=0x000002a6caba3998 sp=0x000000c1294f5a40
Event: 4.605 Thread 0x000002a6dff1d1c0 DEOPT UNPACKING pc=0x000002a6ca4769a3 sp=0x000000c1294f59e0 mode 2
Event: 4.624 Thread 0x000002a6dff1d1c0 Uncommon trap: trap_request=0xffffff45 fr.pc=0x000002a6caae2ef4 relative=0x0000000000000174
Event: 4.624 Thread 0x000002a6dff1d1c0 Uncommon trap: reason=unstable_if action=reinterpret pc=0x000002a6caae2ef4 method=org.gradle.internal.snapshot.VfsRelativePath.isPrefix(Ljava/lang/String;ILjava/lang/String;ILorg/gradle/internal/snapshot/CaseSensitivity;)Z @ 101 c2
Event: 4.625 Thread 0x000002a6dff1d1c0 DEOPT PACKING pc=0x000002a6caae2ef4 sp=0x000000c1294f65b0
Event: 4.625 Thread 0x000002a6dff1d1c0 DEOPT UNPACKING pc=0x000002a6ca4769a3 sp=0x000000c1294f6538 mode 2
Event: 4.723 Thread 0x000002a6dff1a940 DEOPT PACKING pc=0x000002a6c3827ea0 sp=0x000000c12a0fe2a0
Event: 4.723 Thread 0x000002a6dff1a940 DEOPT UNPACKING pc=0x000002a6ca477143 sp=0x000000c12a0fd760 mode 0

Classes unloaded (0 events):
No events

Classes redefined (0 events):
No events

Internal exceptions (20 events):
Event: 3.370 Thread 0x000002a6dff1d1c0 Exception <a 'java/lang/NoSuchMethodError'{0x000000008ce94838}: 'java.lang.Object java.lang.invoke.DelegatingMethodHandle$Holder.reinvoke_L(java.lang.Object, java.lang.Object, java.lang.Object, java.lang.Object, java.lang.Object, java.lang.Object, java.lang.Object, java.lang.Object, java.lang.Object, java.lang.Object, java.lang.Object, java.lang.Object, java.lang.Object, java.lang.Object, java.lang.Object, java.lang.Object, java.lang.Object, java.lang.Object, java.lang.Object, java.lang.Object, java.lang.O
Event: 3.370 Thread 0x000002a6dff1d1c0 Exception <a 'java/lang/NoSuchMethodError'{0x000000008cea0280}: 'java.lang.Object java.lang.invoke.Invokers$Holder.invoker(java.lang.Object, java.lang.Object, java.lang.Object, java.lang.Object, java.lang.Object, java.lang.Object, java.lang.Object, java.lang.Object, java.lang.Object, java.lang.Object, java.lang.Object, java.lang.Object, java.lang.Object, java.lang.Object, java.lang.Object, java.lang.Object, java.lang.Object, java.lang.Object, java.lang.Object, java.lang.Object, java.lang.Object, java.lang.
Event: 3.370 Thread 0x000002a6dff1d1c0 Exception <a 'java/lang/NoSuchMethodError'{0x000000008cea6ee0}: 'java.lang.Object java.lang.invoke.DelegatingMethodHandle$Holder.delegate(java.lang.Object, java.lang.Object, java.lang.Object, java.lang.Object, java.lang.Object, java.lang.Object, java.lang.Object, java.lang.Object, java.lang.Object, java.lang.Object, java.lang.Object, java.lang.Object, java.lang.Object, java.lang.Object, java.lang.Object, java.lang.Object, java.lang.Object, java.lang.Object, java.lang.Object, java.lang.Object, java.lang.Obj
Event: 3.376 Thread 0x000002a6dff1d1c0 Exception <a 'java/lang/NoSuchMethodError'{0x000000008cd75130}: 'java.lang.Object java.lang.invoke.DirectMethodHandle$Holder.invokeStatic(java.lang.Object, java.lang.Object, java.lang.Object, java.lang.Object, java.lang.Object, java.lang.Object, java.lang.Object, java.lang.Object, java.lang.Object, java.lang.Object, java.lang.Object, java.lang.Object, java.lang.Object, java.lang.Object, java.lang.Object, java.lang.Object, java.lang.Object, java.lang.Object, java.lang.Object, java.lang.Object, java.lang.Obj
Event: 3.477 Thread 0x000002a6dff1d1c0 Exception <a 'java/lang/NoSuchMethodError'{0x0000000083948580}: static Lorg/gradle/api/internal/catalog/DefaultVersionCatalog;.<clinit>()V> (0x0000000083948580) 
thrown [s\src\hotspot\share\prims\jni.cpp, line 1108]
Event: 3.479 Thread 0x000002a6dff1d1c0 Exception <a 'java/lang/NoSuchMethodError'{0x00000000839983e0}: static [Ljava/lang/Object;.<clinit>()V> (0x00000000839983e0) 
thrown [s\src\hotspot\share\prims\jni.cpp, line 1108]
Event: 3.480 Thread 0x000002a6dff1d1c0 Exception <a 'java/lang/NoSuchMethodError'{0x00000000839bd8d0}: static Lorg/gradle/api/internal/catalog/DependencyModel;.<clinit>()V> (0x00000000839bd8d0) 
thrown [s\src\hotspot\share\prims\jni.cpp, line 1108]
Event: 3.480 Thread 0x000002a6dff1d1c0 Exception <a 'java/lang/NoSuchMethodError'{0x00000000839c1140}: static Lorg/gradle/api/internal/catalog/AbstractContextAwareModel;.<clinit>()V> (0x00000000839c1140) 
thrown [s\src\hotspot\share\prims\jni.cpp, line 1108]
Event: 3.481 Thread 0x000002a6dff1d1c0 Exception <a 'java/lang/NoSuchMethodError'{0x00000000839dab98}: static Lorg/gradle/api/internal/artifacts/dependencies/AbstractVersionConstraint;.<clinit>()V> (0x00000000839dab98) 
thrown [s\src\hotspot\share\prims\jni.cpp, line 1108]
Event: 3.484 Thread 0x000002a6dff1d1c0 Exception <a 'java/lang/NoSuchMethodError'{0x00000000838370e8}: static Lorg/gradle/api/internal/catalog/PluginModel;.<clinit>()V> (0x00000000838370e8) 
thrown [s\src\hotspot\share\prims\jni.cpp, line 1108]
Event: 3.484 Thread 0x000002a6dff1d1c0 Exception <a 'java/lang/NoSuchMethodError'{0x000000008384c360}: static Lorg/gradle/api/internal/catalog/VersionModel;.<clinit>()V> (0x000000008384c360) 
thrown [s\src\hotspot\share\prims\jni.cpp, line 1108]
Event: 3.486 Thread 0x000002a6dff1d1c0 Exception <a 'java/lang/NoSuchMethodError'{0x00000000838710f0}: 'void java.lang.invoke.DirectMethodHandle$Holder.invokeSpecial(java.lang.Object, java.lang.Object, java.lang.Object, int)'> (0x00000000838710f0) 
thrown [s\src\hotspot\share\interpreter\linkResolver.cpp, line 771]
Event: 3.536 Thread 0x000002a6dff1d1c0 Exception <a 'java/lang/NoSuchMethodError'{0x00000000834542f0}: 'int java.lang.invoke.DirectMethodHandle$Holder.invokeSpecialIFC(java.lang.Object, java.lang.Object, java.lang.Object)'> (0x00000000834542f0) 
thrown [s\src\hotspot\share\interpreter\linkResolver.cpp, line 771]
Event: 3.578 Thread 0x000002a6dff1d1c0 Exception <a 'java/lang/NoSuchMethodError'{0x0000000083001ab8}: 'java.lang.Object java.lang.invoke.DirectMethodHandle$Holder.newInvokeSpecial(java.lang.Object, java.lang.Object, java.lang.Object, java.lang.Object, java.lang.Object, int)'> (0x0000000083001ab8) 
thrown [s\src\hotspot\share\interpreter\linkResolver.cpp, line 771]
Event: 3.579 Thread 0x000002a6dff1d1c0 Exception <a 'java/lang/NoSuchMethodError'{0x0000000083006f10}: 'java.lang.Object java.lang.invoke.DirectMethodHandle$Holder.invokeSpecial(java.lang.Object, java.lang.Object, java.lang.Object, java.lang.Object, java.lang.Object, java.lang.Object, int)'> (0x0000000083006f10) 
thrown [s\src\hotspot\share\interpreter\linkResolver.cpp, line 771]
Event: 3.579 Thread 0x000002a6dff1d1c0 Exception <a 'java/lang/NoSuchMethodError'{0x000000008300bcf0}: 'java.lang.Object java.lang.invoke.Invokers$Holder.linkToTargetMethod(java.lang.Object, java.lang.Object, java.lang.Object, java.lang.Object, int, java.lang.Object)'> (0x000000008300bcf0) 
thrown [s\src\hotspot\share\interpreter\linkResolver.cpp, line 771]
Event: 3.581 Thread 0x000002a6dff1d1c0 Exception <a 'java/lang/NoSuchMethodError'{0x000000008303e928}: 'java.lang.Object java.lang.invoke.DirectMethodHandle$Holder.invokeSpecial(java.lang.Object, java.lang.Object, java.lang.Object, java.lang.Object, java.lang.Object, long)'> (0x000000008303e928) 
thrown [s\src\hotspot\share\interpreter\linkResolver.cpp, line 771]
Event: 3.582 Thread 0x000002a6dff1d1c0 Exception <a 'java/lang/NoSuchMethodError'{0x0000000083061d00}: 'void java.lang.invoke.DirectMethodHandle$Holder.invokeStatic(java.lang.Object, java.lang.Object, java.lang.Object, int, java.lang.Object)'> (0x0000000083061d00) 
thrown [s\src\hotspot\share\interpreter\linkResolver.cpp, line 771]
Event: 4.589 Thread 0x000002a6dff1d1c0 Exception <a 'java/lang/NoSuchMethodError'{0x000000008422eee8}: 'java.lang.Object java.lang.invoke.DirectMethodHandle$Holder.newInvokeSpecial(java.lang.Object, java.lang.Object, java.lang.Object, java.lang.Object, int, java.lang.Object)'> (0x000000008422eee8) 
thrown [s\src\hotspot\share\interpreter\linkResolver.cpp, line 771]
Event: 4.590 Thread 0x000002a6dff1d1c0 Exception <a 'java/lang/NoSuchMethodError'{0x0000000084234240}: 'java.lang.Object java.lang.invoke.Invokers$Holder.linkToTargetMethod(java.lang.Object, java.lang.Object, java.lang.Object, int, java.lang.Object, java.lang.Object)'> (0x0000000084234240) 
thrown [s\src\hotspot\share\interpreter\linkResolver.cpp, line 771]

VM Operations (20 events):
Event: 3.344 Executing VM operation: G1PauseRemark
Event: 3.345 Executing VM operation: G1PauseRemark done
Event: 3.350 Executing VM operation: G1PauseCleanup
Event: 3.351 Executing VM operation: G1PauseCleanup done
Event: 3.478 Executing VM operation: HandshakeAllThreads
Event: 3.478 Executing VM operation: HandshakeAllThreads done
Event: 3.493 Executing VM operation: HandshakeAllThreads
Event: 3.493 Executing VM operation: HandshakeAllThreads done
Event: 3.640 Executing VM operation: ICBufferFull
Event: 3.640 Executing VM operation: ICBufferFull done
Event: 3.655 Executing VM operation: G1CollectForAllocation
Event: 3.657 Executing VM operation: G1CollectForAllocation done
Event: 4.190 Executing VM operation: ICBufferFull
Event: 4.190 Executing VM operation: ICBufferFull done
Event: 4.391 Executing VM operation: HandshakeAllThreads
Event: 4.391 Executing VM operation: HandshakeAllThreads done
Event: 4.576 Executing VM operation: ICBufferFull
Event: 4.576 Executing VM operation: ICBufferFull done
Event: 4.713 Executing VM operation: G1CollectForAllocation
Event: 4.716 Executing VM operation: G1CollectForAllocation done

Events (20 events):
Event: 4.549 Thread 0x000002a6e0543b90 Thread added: 0x000002a6e0543b90
Event: 4.549 Thread 0x000002a6e05440a0 Thread added: 0x000002a6e05440a0
Event: 4.549 Thread 0x000002a6e05491a0 Thread added: 0x000002a6e05491a0
Event: 4.549 Thread 0x000002a6e05445b0 Thread added: 0x000002a6e05445b0
Event: 4.549 Thread 0x000002a6e0548270 Thread added: 0x000002a6e0548270
Event: 4.549 Thread 0x000002a6e0549bc0 Thread added: 0x000002a6e0549bc0
Event: 4.551 Thread 0x000002a6e0542c60 Thread added: 0x000002a6e0542c60
Event: 4.551 Thread 0x000002a6e0548780 Thread added: 0x000002a6e0548780
Event: 4.558 Thread 0x000002a6e045ac10 Thread added: 0x000002a6e045ac10
Event: 4.605 Thread 0x000002a6e05496b0 Thread added: 0x000002a6e05496b0
Event: 4.606 Thread 0x000002a6e054a0d0 Thread added: 0x000002a6e054a0d0
Event: 4.607 Thread 0x000002a6e05454e0 Thread added: 0x000002a6e05454e0
Event: 4.609 Thread 0x000002a6e0544fd0 Thread added: 0x000002a6e0544fd0
Event: 4.611 Thread 0x000002a6e054a5e0 Thread added: 0x000002a6e054a5e0
Event: 4.615 Thread 0x000002a6e0546920 Thread added: 0x000002a6e0546920
Event: 4.615 Thread 0x000002a6e1868060 Thread added: 0x000002a6e1868060
Event: 4.617 Thread 0x000002a6e186efc0 Thread added: 0x000002a6e186efc0
Event: 4.618 Thread 0x000002a6e186c230 Thread added: 0x000002a6e186c230
Event: 4.619 Thread 0x000002a6e18694a0 Thread added: 0x000002a6e18694a0
Event: 4.622 Thread 0x000002a6e186a8e0 Thread added: 0x000002a6e186a8e0


Dynamic libraries:
0x00007ff67e5a0000 - 0x00007ff67e5aa000 	E:\Android\AndroidStudio\jbr\bin\java.exe
0x00007ffa82dd0000 - 0x00007ffa82fc8000 	C:\WINDOWS\SYSTEM32\ntdll.dll
0x00007ffa812c0000 - 0x00007ffa81381000 	C:\WINDOWS\System32\KERNEL32.DLL
0x00007ffa806c0000 - 0x00007ffa809bd000 	C:\WINDOWS\System32\KERNELBASE.dll
0x00007ffa80b70000 - 0x00007ffa80c70000 	C:\WINDOWS\System32\ucrtbase.dll
0x00007ffa5f440000 - 0x00007ffa5f457000 	E:\Android\AndroidStudio\jbr\bin\jli.dll
0x00007ffa6bc60000 - 0x00007ffa6bc7b000 	E:\Android\AndroidStudio\jbr\bin\VCRUNTIME140.dll
0x00007ffa82a30000 - 0x00007ffa82bcd000 	C:\WINDOWS\System32\USER32.dll
0x00007ffa6f320000 - 0x00007ffa6f5ba000 	C:\WINDOWS\WinSxS\amd64_microsoft.windows.common-controls_6595b64144ccf1df_6.0.19041.4355_none_60b8b9eb71f62e16\COMCTL32.dll
0x00007ffa805e0000 - 0x00007ffa80602000 	C:\WINDOWS\System32\win32u.dll
0x00007ffa82580000 - 0x00007ffa8261e000 	C:\WINDOWS\System32\msvcrt.dll
0x00007ffa81390000 - 0x00007ffa813bb000 	C:\WINDOWS\System32\GDI32.dll
0x00007ffa809c0000 - 0x00007ffa80ad7000 	C:\WINDOWS\System32\gdi32full.dll
0x00007ffa80ce0000 - 0x00007ffa80d7d000 	C:\WINDOWS\System32\msvcp_win.dll
0x00007ffa81290000 - 0x00007ffa812bf000 	C:\WINDOWS\System32\IMM32.DLL
0x00007ffa6bc50000 - 0x00007ffa6bc5c000 	E:\Android\AndroidStudio\jbr\bin\vcruntime140_1.dll
0x00007ffa63a40000 - 0x00007ffa63acd000 	E:\Android\AndroidStudio\jbr\bin\msvcp140.dll
0x00007ffa48640000 - 0x00007ffa492c3000 	E:\Android\AndroidStudio\jbr\bin\server\jvm.dll
0x00007ffa81470000 - 0x00007ffa81520000 	C:\WINDOWS\System32\ADVAPI32.dll
0x00007ffa82bd0000 - 0x00007ffa82c70000 	C:\WINDOWS\System32\sechost.dll
0x00007ffa81600000 - 0x00007ffa81723000 	C:\WINDOWS\System32\RPCRT4.dll
0x00007ffa80d80000 - 0x00007ffa80da7000 	C:\WINDOWS\System32\bcrypt.dll
0x00007ffa6f910000 - 0x00007ffa6f919000 	C:\WINDOWS\SYSTEM32\WSOCK32.dll
0x00007ffa77e50000 - 0x00007ffa77e77000 	C:\WINDOWS\SYSTEM32\WINMM.dll
0x00007ffa7fb00000 - 0x00007ffa7fb4b000 	C:\WINDOWS\SYSTEM32\POWRPROF.dll
0x00007ffa7adc0000 - 0x00007ffa7adca000 	C:\WINDOWS\SYSTEM32\VERSION.dll
0x00007ffa818c0000 - 0x00007ffa8192b000 	C:\WINDOWS\System32\WS2_32.dll
0x00007ffa7fae0000 - 0x00007ffa7faf2000 	C:\WINDOWS\SYSTEM32\UMPDC.dll
0x00007ffa7e320000 - 0x00007ffa7e332000 	C:\WINDOWS\SYSTEM32\kernel.appcore.dll
0x00007ffa6ef50000 - 0x00007ffa6ef5a000 	E:\Android\AndroidStudio\jbr\bin\jimage.dll
0x00007ffa7a6c0000 - 0x00007ffa7a8a4000 	C:\WINDOWS\SYSTEM32\DBGHELP.DLL
0x00007ffa7a640000 - 0x00007ffa7a674000 	C:\WINDOWS\SYSTEM32\dbgcore.DLL
0x00007ffa80ae0000 - 0x00007ffa80b62000 	C:\WINDOWS\System32\bcryptPrimitives.dll
0x00007ffa64090000 - 0x00007ffa6409e000 	E:\Android\AndroidStudio\jbr\bin\instrument.dll
0x00007ffa61ce0000 - 0x00007ffa61d05000 	E:\Android\AndroidStudio\jbr\bin\java.dll
0x00007ffa63ed0000 - 0x00007ffa63ee8000 	E:\Android\AndroidStudio\jbr\bin\zip.dll
0x00007ffa81db0000 - 0x00007ffa8251f000 	C:\WINDOWS\System32\SHELL32.dll
0x00007ffa7e520000 - 0x00007ffa7ecbf000 	C:\WINDOWS\SYSTEM32\windows.storage.dll
0x00007ffa80ed0000 - 0x00007ffa81223000 	C:\WINDOWS\System32\combase.dll
0x00007ffa7fea0000 - 0x00007ffa7fece000 	C:\WINDOWS\SYSTEM32\Wldp.dll
0x00007ffa80e00000 - 0x00007ffa80ecd000 	C:\WINDOWS\System32\OLEAUT32.dll
0x00007ffa82900000 - 0x00007ffa829ad000 	C:\WINDOWS\System32\SHCORE.dll
0x00007ffa81230000 - 0x00007ffa81285000 	C:\WINDOWS\System32\shlwapi.dll
0x00007ffa803b0000 - 0x00007ffa803d4000 	C:\WINDOWS\SYSTEM32\profapi.dll
0x00007ffa61cc0000 - 0x00007ffa61cd9000 	E:\Android\AndroidStudio\jbr\bin\net.dll
0x00007ffa7ade0000 - 0x00007ffa7aeed000 	C:\WINDOWS\SYSTEM32\WINHTTP.dll
0x00007ffa7fc00000 - 0x00007ffa7fc6a000 	C:\WINDOWS\system32\mswsock.dll
0x00007ffa61bc0000 - 0x00007ffa61bd6000 	E:\Android\AndroidStudio\jbr\bin\nio.dll
0x00007ffa64650000 - 0x00007ffa64660000 	E:\Android\AndroidStudio\jbr\bin\verify.dll
0x00007ffa5aa40000 - 0x00007ffa5aa67000 	E:\Android\gradle\native\c067742578af261105cb4f569cf0c3c89f3d7b1fecec35dd04571415982c5e48\windows-amd64\native-platform.dll
0x00007ffa50530000 - 0x00007ffa50674000 	E:\Android\gradle\native\38dada09dfb8b06ba9b0570ebf7e218e3eb74d4ef43ca46872605cf95ebc2f47\windows-amd64\native-platform-file-events.dll
0x00007ffa64f30000 - 0x00007ffa64f39000 	E:\Android\AndroidStudio\jbr\bin\management.dll
0x00007ffa64740000 - 0x00007ffa6474b000 	E:\Android\AndroidStudio\jbr\bin\management_ext.dll
0x00007ffa82c70000 - 0x00007ffa82c78000 	C:\WINDOWS\System32\PSAPI.DLL
0x00007ffa7fe00000 - 0x00007ffa7fe18000 	C:\WINDOWS\SYSTEM32\CRYPTSP.dll
0x00007ffa7f450000 - 0x00007ffa7f484000 	C:\WINDOWS\system32\rsaenh.dll
0x00007ffa80360000 - 0x00007ffa8038e000 	C:\WINDOWS\SYSTEM32\USERENV.dll
0x00007ffa7fdf0000 - 0x00007ffa7fdfc000 	C:\WINDOWS\SYSTEM32\CRYPTBASE.dll
0x00007ffa7f870000 - 0x00007ffa7f8ab000 	C:\WINDOWS\SYSTEM32\IPHLPAPI.DLL
0x00007ffa81730000 - 0x00007ffa81738000 	C:\WINDOWS\System32\NSI.dll
0x00007ffa7abc0000 - 0x00007ffa7abd7000 	C:\WINDOWS\SYSTEM32\dhcpcsvc6.DLL
0x00007ffa7b510000 - 0x00007ffa7b52d000 	C:\WINDOWS\SYSTEM32\dhcpcsvc.DLL
0x00007ffa7f8b0000 - 0x00007ffa7f97a000 	C:\WINDOWS\SYSTEM32\DNSAPI.dll
0x00007ffa659b0000 - 0x00007ffa659b9000 	E:\Android\AndroidStudio\jbr\bin\extnet.dll
0x00007ffa6ea20000 - 0x00007ffa6ea27000 	C:\WINDOWS\system32\wshunix.dll

dbghelp: loaded successfully - version: 4.0.5 - missing functions: none
symbol engine: initialized successfully - sym options: 0x614 - pdb path: .;E:\Android\AndroidStudio\jbr\bin;C:\WINDOWS\SYSTEM32;C:\WINDOWS\WinSxS\amd64_microsoft.windows.common-controls_6595b64144ccf1df_6.0.19041.4355_none_60b8b9eb71f62e16;E:\Android\AndroidStudio\jbr\bin\server;E:\Android\gradle\native\c067742578af261105cb4f569cf0c3c89f3d7b1fecec35dd04571415982c5e48\windows-amd64;E:\Android\gradle\native\38dada09dfb8b06ba9b0570ebf7e218e3eb74d4ef43ca46872605cf95ebc2f47\windows-amd64

VM Arguments:
jvm_args: --add-opens=java.base/java.util=ALL-UNNAMED --add-opens=java.base/java.lang=ALL-UNNAMED --add-opens=java.base/java.lang.invoke=ALL-UNNAMED --add-opens=java.prefs/java.util.prefs=ALL-UNNAMED --add-opens=java.base/java.nio.charset=ALL-UNNAMED --add-opens=java.base/java.net=ALL-UNNAMED --add-opens=java.base/java.util.concurrent.atomic=ALL-UNNAMED -Xmx2048m -Dfile.encoding=UTF-8 -Duser.country=RU -Duser.language=ru -Duser.variant -javaagent:E:\Android\gradle\wrapper\dists\gradle-8.7-bin\bhs2wmbdwecv87pi65oeuq5iu\gradle-8.7\lib\agents\gradle-instrumentation-agent-8.7.jar 
java_command: org.gradle.launcher.daemon.bootstrap.GradleDaemon 8.7
java_class_path (initial): E:\Android\gradle\wrapper\dists\gradle-8.7-bin\bhs2wmbdwecv87pi65oeuq5iu\gradle-8.7\lib\gradle-launcher-8.7.jar
Launcher Type: SUN_STANDARD

[Global flags]
     intx CICompilerCount                          = 4                                         {product} {ergonomic}
     uint ConcGCThreads                            = 3                                         {product} {ergonomic}
     uint G1ConcRefinementThreads                  = 10                                        {product} {ergonomic}
   size_t G1HeapRegionSize                         = 1048576                                   {product} {ergonomic}
    uintx GCDrainStackTargetSize                   = 64                                        {product} {ergonomic}
   size_t InitialHeapSize                          = 268435456                                 {product} {ergonomic}
   size_t MarkStackSize                            = 4194304                                   {product} {ergonomic}
   size_t MaxHeapSize                              = 2147483648                                {product} {command line}
   size_t MaxNewSize                               = 1287651328                                {product} {ergonomic}
   size_t MinHeapDeltaBytes                        = 1048576                                   {product} {ergonomic}
   size_t MinHeapSize                              = 8388608                                   {product} {ergonomic}
    uintx NonNMethodCodeHeapSize                   = 5839372                                {pd product} {ergonomic}
    uintx NonProfiledCodeHeapSize                  = 122909434                              {pd product} {ergonomic}
    uintx ProfiledCodeHeapSize                     = 122909434                              {pd product} {ergonomic}
    uintx ReservedCodeCacheSize                    = 251658240                              {pd product} {ergonomic}
     bool SegmentedCodeCache                       = true                                      {product} {ergonomic}
   size_t SoftMaxHeapSize                          = 2147483648                             {manageable} {ergonomic}
     bool UseCompressedClassPointers               = true                           {product lp64_product} {ergonomic}
     bool UseCompressedOops                        = true                           {product lp64_product} {ergonomic}
     bool UseG1GC                                  = true                                      {product} {ergonomic}
     bool UseLargePagesIndividualAllocation        = false                                  {pd product} {ergonomic}

Logging:
Log output configuration:
 #0: stdout all=warning uptime,level,tags
 #1: stderr all=off uptime,level,tags

Environment Variables:
PATH=C:\WINDOWS\system32;C:\WINDOWS;C:\WINDOWS\System32\Wbem;C:\WINDOWS\System32\WindowsPowerShell\v1.0\;C:\WINDOWS\System32\OpenSSH\;C:\Program Files\NVIDIA Corporation\NVIDIA NvDLISR;C:\Program Files (x86)\NVIDIA Corporation\PhysX\Common;C:\Program Files\Git\cmd;C:\Users\Vil-g\AppData\Local\Microsoft\WindowsApps;C:\Users\Vil-g\AppData\Local\GitHubDesktop\bin
USERNAME=Vil-g
OS=Windows_NT
PROCESSOR_IDENTIFIER=Intel64 Family 6 Model 165 Stepping 3, GenuineIntel
TMP=C:\Users\Vil-g\AppData\Local\Temp
TEMP=C:\Users\Vil-g\AppData\Local\Temp



Periodic native trim disabled

JNI global refs:
JNI global refs: 28, weak refs: 1

JNI global refs memory usage: 843, weak refs: 841

OOME stack traces (most recent first):
Classloader memory used:
Loader org.gradle.internal.classloader.VisitableURLClassLoader                         : 3409K
Loader bootstrap                                                                       : 2435K
Loader org.gradle.initialization.MixInLegacyTypesClassLoader                           : 1104K
Loader jdk.internal.loader.ClassLoaders$PlatformClassLoader                            : 67555B
Loader jdk.internal.loader.ClassLoaders$AppClassLoader                                 : 28433B
Loader org.gradle.internal.classloader.VisitableURLClassLoader                         : 19254B
Loader jdk.internal.reflect.DelegatingClassLoader                                      : 15301B

Classes loaded by more than one classloader:
Class Program                                                                         : loaded 3 times (x 70B)
Class org.gradle.internal.classpath.ClassPath                                         : loaded 2 times (x 68B)
Class org.gradle.api.internal.classpath.DefaultModuleRegistry                         : loaded 2 times (x 84B)
Class Settings_gradle$1$1                                                             : loaded 2 times (x 72B)
Class org.gradle.api.Action                                                           : loaded 2 times (x 68B)
Class org.gradle.api.internal.DefaultClassPathProvider                                : loaded 2 times (x 74B)
Class org.gradle.internal.installation.GradleInstallation$1                           : loaded 2 times (x 73B)
Class org.gradle.internal.classloader.FilteringClassLoader                            : loaded 2 times (x 103B)
Class org.gradle.internal.classpath.DefaultClassPath$ImmutableUniqueList$Builder      : loaded 2 times (x 73B)
Class org.gradle.internal.classloader.ClassLoaderVisitor                              : loaded 2 times (x 74B)
Class org.gradle.internal.service.DefaultServiceLocator                               : loaded 2 times (x 81B)
Class org.gradle.internal.service.UnknownServiceException                             : loaded 2 times (x 81B)
Class org.gradle.internal.classloader.DefaultClassLoaderFactory                       : loaded 2 times (x 80B)
Class org.gradle.internal.classloader.VisitableURLClassLoader$Spec                    : loaded 2 times (x 72B)
Class org.gradle.api.GradleException                                                  : loaded 2 times (x 80B)
Class org.gradle.api.internal.classpath.ModuleRegistry                                : loaded 2 times (x 68B)
Class org.gradle.api.internal.ClassPathProvider                                       : loaded 2 times (x 68B)
Class org.gradle.internal.classloader.ClasspathUtil$1                                 : loaded 2 times (x 74B)
Class org.gradle.internal.classloader.ClassLoaderFactory                              : loaded 2 times (x 68B)
Class org.gradle.api.internal.classpath.ManifestUtil                                  : loaded 2 times (x 69B)
Class org.gradle.api.specs.Spec                                                       : loaded 2 times (x 68B)
Class org.gradle.internal.IoActions                                                   : loaded 2 times (x 69B)
Class org.gradle.api.internal.classpath.EffectiveClassPath                            : loaded 2 times (x 88B)
Class org.gradle.internal.installation.CurrentGradleInstallation                      : loaded 2 times (x 71B)
Class org.gradle.internal.agents.InstrumentingClassLoader                             : loaded 2 times (x 68B)
Class org.gradle.internal.installation.CurrentGradleInstallationLocator               : loaded 2 times (x 69B)
Class org.gradle.api.internal.classpath.Module                                        : loaded 2 times (x 68B)
Class org.gradle.internal.service.CachingServiceLocator                               : loaded 2 times (x 80B)
Class org.gradle.internal.classpath.DefaultClassPath                                  : loaded 2 times (x 88B)
Class org.gradle.internal.classloader.SystemClassLoaderSpec                           : loaded 2 times (x 69B)
Class org.gradle.api.UncheckedIOException                                             : loaded 2 times (x 80B)
Class org.gradle.internal.installation.GradleInstallation                             : loaded 2 times (x 73B)
Class org.gradle.internal.classloader.ClasspathUtil                                   : loaded 2 times (x 69B)
Class org.gradle.api.internal.DefaultClassPathRegistry                                : loaded 2 times (x 74B)
Class org.gradle.api.internal.classpath.DefaultModuleRegistry$DefaultModule           : loaded 2 times (x 84B)
Class org.gradle.api.internal.classpath.UnknownModuleException                        : loaded 2 times (x 80B)
Class org.gradle.internal.service.ServiceLookupException                              : loaded 2 times (x 80B)
Class org.gradle.cache.GlobalCache                                                    : loaded 2 times (x 68B)
Class [Lorg.gradle.api.internal.ClassPathProvider;                                    : loaded 2 times (x 67B)
Class org.gradle.util.internal.GUtil                                                  : loaded 2 times (x 69B)
Class org.gradle.internal.classloader.ClassLoaderSpec                                 : loaded 2 times (x 69B)
Class org.gradle.internal.classloader.VisitableURLClassLoader                         : loaded 2 times (x 115B)
Class org.gradle.internal.Cast                                                        : loaded 2 times (x 69B)
Class org.gradle.api.internal.ClassPathRegistry                                       : loaded 2 times (x 68B)
Class org.gradle.internal.classloader.VisitableURLClassLoader$InstrumentingVisitableURLClassLoader: loaded 2 times (x 121B)
Class org.gradle.internal.classloader.ClassLoaderHierarchy                            : loaded 2 times (x 68B)
Class org.gradle.internal.InternalTransformer                                         : loaded 2 times (x 68B)
Class org.gradle.internal.service.ServiceLocator                                      : loaded 2 times (x 68B)
Class Settings_gradle$1                                                               : loaded 2 times (x 72B)
Class org.gradle.internal.classpath.DefaultClassPath$ImmutableUniqueList              : loaded 2 times (x 159B)
Class org.gradle.internal.classpath.TransformedClassPath                              : loaded 2 times (x 94B)
Class Settings_gradle                                                                 : loaded 2 times (x 126B)


---------------  S Y S T E M  ---------------

OS:
 Windows 10 , 64 bit Build 19041 (10.0.19041.4717)
OS uptime: 0 days 12:39 hours

CPU: total 12 (initial active 12) (6 cores per cpu, 2 threads per core) family 6 model 165 stepping 3 microcode 0xcc, cx8, cmov, fxsr, ht, mmx, 3dnowpref, sse, sse2, sse3, ssse3, sse4.1, sse4.2, popcnt, lzcnt, tsc, tscinvbit, avx, avx2, aes, erms, clmul, bmi1, bmi2, adx, fma, vzeroupper, clflush, clflushopt
Processor Information for all 12 processors :
  Max Mhz: 2904, Current Mhz: 2904, Mhz Limit: 2904

Memory: 4k page, system-wide physical 16315M (2361M free)
TotalPageFile size 21332M (AvailPageFile size 2500M)
current process WorkingSet (physical memory assigned to process): 275M, peak: 275M
current process commit charge ("private bytes"): 313M, peak: 404M

vm_info: OpenJDK 64-Bit Server VM (17.0.10+0--11609105) for windows-amd64 JRE (17.0.10+0--11609105), built on Mar 21 2024 19:10:56 by "androidbuild" with MS VC++ 16.10 / 16.11 (VS2019)

END.
